Archive member included to satisfy reference by file (symbol)

C:/ST/STM32CubeIDE_2.1.1/STM32CubeIDE/plugins/com.st.stm32cube.ide.mcu.externaltools.gnu-tools-for-stm32.14.3.rel1.win32_1.0.100.202602081740/tools/bin/../lib/gcc/arm-none-eabi/14.3.1/../../../../arm-none-eabi/lib/thumb/v7e-m+fp/hard\libc_nano.a(libc_a-exit.o)
                              C:/ST/STM32CubeIDE_2.1.1/STM32CubeIDE/plugins/com.st.stm32cube.ide.mcu.externaltools.gnu-tools-for-stm32.14.3.rel1.win32_1.0.100.202602081740/tools/bin/../lib/gcc/arm-none-eabi/14.3.1/../../../../arm-none-eabi/lib/thumb/v7e-m+fp/hard/crt0.o (exit)
C:/ST/STM32CubeIDE_2.1.1/STM32CubeIDE/plugins/com.st.stm32cube.ide.mcu.externaltools.gnu-tools-for-stm32.14.3.rel1.win32_1.0.100.202602081740/tools/bin/../lib/gcc/arm-none-eabi/14.3.1/../../../../arm-none-eabi/lib/thumb/v7e-m+fp/hard\libc_nano.a(libc_a-findfp.o)
                              C:/ST/STM32CubeIDE_2.1.1/STM32CubeIDE/plugins/com.st.stm32cube.ide.mcu.externaltools.gnu-tools-for-stm32.14.3.rel1.win32_1.0.100.202602081740/tools/bin/../lib/gcc/arm-none-eabi/14.3.1/../../../../arm-none-eabi/lib/thumb/v7e-m+fp/hard\libc_nano.a(libc_a-exit.o) (__stdio_exit_handler)
C:/ST/STM32CubeIDE_2.1.1/STM32CubeIDE/plugins/com.st.stm32cube.ide.mcu.externaltools.gnu-tools-for-stm32.14.3.rel1.win32_1.0.100.202602081740/tools/bin/../lib/gcc/arm-none-eabi/14.3.1/../../../../arm-none-eabi/lib/thumb/v7e-m+fp/hard\libc_nano.a(libc_a-fwalk.o)
                              C:/ST/STM32CubeIDE_2.1.1/STM32CubeIDE/plugins/com.st.stm32cube.ide.mcu.externaltools.gnu-tools-for-stm32.14.3.rel1.win32_1.0.100.202602081740/tools/bin/../lib/gcc/arm-none-eabi/14.3.1/../../../../arm-none-eabi/lib/thumb/v7e-m+fp/hard\libc_nano.a(libc_a-findfp.o) (_fwalk_sglue)
C:/ST/STM32CubeIDE_2.1.1/STM32CubeIDE/plugins/com.st.stm32cube.ide.mcu.externaltools.gnu-tools-for-stm32.14.3.rel1.win32_1.0.100.202602081740/tools/bin/../lib/gcc/arm-none-eabi/14.3.1/../../../../arm-none-eabi/lib/thumb/v7e-m+fp/hard\libc_nano.a(libc_a-stdio.o)
                              C:/ST/STM32CubeIDE_2.1.1/STM32CubeIDE/plugins/com.st.stm32cube.ide.mcu.externaltools.gnu-tools-for-stm32.14.3.rel1.win32_1.0.100.202602081740/tools/bin/../lib/gcc/arm-none-eabi/14.3.1/../../../../arm-none-eabi/lib/thumb/v7e-m+fp/hard\libc_nano.a(libc_a-findfp.o) (__sread)
C:/ST/STM32CubeIDE_2.1.1/STM32CubeIDE/plugins/com.st.stm32cube.ide.mcu.externaltools.gnu-tools-for-stm32.14.3.rel1.win32_1.0.100.202602081740/tools/bin/../lib/gcc/arm-none-eabi/14.3.1/../../../../arm-none-eabi/lib/thumb/v7e-m+fp/hard\libc_nano.a(libc_a-memset.o)
                              C:/ST/STM32CubeIDE_2.1.1/STM32CubeIDE/plugins/com.st.stm32cube.ide.mcu.externaltools.gnu-tools-for-stm32.14.3.rel1.win32_1.0.100.202602081740/tools/bin/../lib/gcc/arm-none-eabi/14.3.1/../../../../arm-none-eabi/lib/thumb/v7e-m+fp/hard/crt0.o (memset)
C:/ST/STM32CubeIDE_2.1.1/STM32CubeIDE/plugins/com.st.stm32cube.ide.mcu.externaltools.gnu-tools-for-stm32.14.3.rel1.win32_1.0.100.202602081740/tools/bin/../lib/gcc/arm-none-eabi/14.3.1/../../../../arm-none-eabi/lib/thumb/v7e-m+fp/hard\libc_nano.a(libc_a-closer.o)
                              C:/ST/STM32CubeIDE_2.1.1/STM32CubeIDE/plugins/com.st.stm32cube.ide.mcu.externaltools.gnu-tools-for-stm32.14.3.rel1.win32_1.0.100.202602081740/tools/bin/../lib/gcc/arm-none-eabi/14.3.1/../../../../arm-none-eabi/lib/thumb/v7e-m+fp/hard\libc_nano.a(libc_a-stdio.o) (_close_r)
C:/ST/STM32CubeIDE_2.1.1/STM32CubeIDE/plugins/com.st.stm32cube.ide.mcu.externaltools.gnu-tools-for-stm32.14.3.rel1.win32_1.0.100.202602081740/tools/bin/../lib/gcc/arm-none-eabi/14.3.1/../../../../arm-none-eabi/lib/thumb/v7e-m+fp/hard\libc_nano.a(libc_a-reent.o)
                              C:/ST/STM32CubeIDE_2.1.1/STM32CubeIDE/plugins/com.st.stm32cube.ide.mcu.externaltools.gnu-tools-for-stm32.14.3.rel1.win32_1.0.100.202602081740/tools/bin/../lib/gcc/arm-none-eabi/14.3.1/../../../../arm-none-eabi/lib/thumb/v7e-m+fp/hard\libc_nano.a(libc_a-closer.o) (errno)
C:/ST/STM32CubeIDE_2.1.1/STM32CubeIDE/plugins/com.st.stm32cube.ide.mcu.externaltools.gnu-tools-for-stm32.14.3.rel1.win32_1.0.100.202602081740/tools/bin/../lib/gcc/arm-none-eabi/14.3.1/../../../../arm-none-eabi/lib/thumb/v7e-m+fp/hard\libc_nano.a(libc_a-impure.o)
                              C:/ST/STM32CubeIDE_2.1.1/STM32CubeIDE/plugins/com.st.stm32cube.ide.mcu.externaltools.gnu-tools-for-stm32.14.3.rel1.win32_1.0.100.202602081740/tools/bin/../lib/gcc/arm-none-eabi/14.3.1/../../../../arm-none-eabi/lib/thumb/v7e-m+fp/hard\libc_nano.a(libc_a-reent.o) (_impure_ptr)
C:/ST/STM32CubeIDE_2.1.1/STM32CubeIDE/plugins/com.st.stm32cube.ide.mcu.externaltools.gnu-tools-for-stm32.14.3.rel1.win32_1.0.100.202602081740/tools/bin/../lib/gcc/arm-none-eabi/14.3.1/../../../../arm-none-eabi/lib/thumb/v7e-m+fp/hard\libc_nano.a(libc_a-lseekr.o)
[...]
Memory Configuration

Name             Origin             Length             Attributes
CCMRAM           0x10000000         0x00002000         xrw
RAM              0x20000000         0x0000a000         xrw
FLASH            0x08000000         0x00040000         xr
*default*        0x00000000         0xffffffff

Linker script and memory map

LOAD C:/ST/STM32CubeIDE_2.1.1/STM32CubeIDE/plugins/com.st.stm32cube.ide.mcu.externaltools.gnu-tools-for-stm32.14.3.rel1.win32_1.0.100.202602081740/tools/bin/../lib/gcc/arm-none-eabi/14.3.1/thumb/v7e-m+fp/hard/crti.o
LOAD C:/ST/STM32CubeIDE_2.1.1/STM32CubeIDE/plugins/com.st.stm32cube.ide.mcu.externaltools.gnu-tools-for-stm32.14.3.rel1.win32_1.0.100.202602081740/tools/bin/../lib/gcc/arm-none-eabi/14.3.1/thumb/v7e-m+fp/hard/crtbegin.o
LOAD C:/ST/STM32CubeIDE_2.1.1/STM32CubeIDE/plugins/com.st.stm32cube.ide.mcu.externaltools.gnu-tools-for-stm32.14.3.rel1.win32_1.0.100.202602081740/tools/bin/../lib/gcc/arm-none-eabi/14.3.1/../../../../arm-none-eabi/lib/thumb/v7e-m+fp/hard/crt0.o
LOAD ./Src/main.o
LOAD ./Src/ring_buffer.o
LOAD ./Src/syscalls.o
LOAD ./Src/sysmem.o
LOAD ./Src/system_stm32f3xx.o
LOAD ./Src/uart.o
LOAD ./Startup/startup_stm32f303vctx.o
START GROUP
LOAD C:/ST/STM32CubeIDE_2.1.1/STM32CubeIDE/plugins/com.st.stm32cube.ide.mcu.externaltools.gnu-tools-for-stm32.14.3.rel1.win32_1.0.100.202602081740/tools/bin/../lib/gcc/arm-none-eabi/14.3.1/../../../../arm-none-eabi/lib/thumb/v7e-m+fp/hard\libc_nano.a
LOAD C:/ST/STM32CubeIDE_2.1.1/STM32CubeIDE/plugins/com.st.stm32cube.ide.mcu.externaltools.gnu-tools-for-stm32.14.3.rel1.win32_1.0.100.202602081740/tools/bin/../lib/gcc/arm-none-eabi/14.3.1/../../../../arm-none-eabi/lib/thumb/v7e-m+fp/hard\libm.a
END GROUP
START GROUP
LOAD C:/ST/STM32CubeIDE_2.1.1/STM32CubeIDE/plugins/com.st.stm32cube.ide.mcu.externaltools.gnu-tools-for-stm32.14.3.rel1.win32_1.0.100.202602081740/tools/bin/../lib/gcc/arm-none-eabi/14.3.1/thumb/v7e-m+fp/hard\libgcc.a
LOAD C:/ST/STM32CubeIDE_2.1.1/STM32CubeIDE/plugins/com.st.stm32cube.ide.mcu.externaltools.gnu-tools-for-stm32.14.3.rel1.win32_1.0.100.202602081740/tools/bin/../lib/gcc/arm-none-eabi/14.3.1/../../../../arm-none-eabi/lib/thumb/v7e-m+fp/hard\libc_nano.a
END GROUP
START GROUP
LOAD C:/ST/STM32CubeIDE_2.1.1/STM32CubeIDE/plugins/com.st.stm32cube.ide.mcu.externaltools.gnu-tools-for-stm32.14.3.rel1.win32_1.0.100.202602081740/tools/bin/../lib/gcc/arm-none-eabi/14.3.1/thumb/v7e-m+fp/hard\libgcc.a
LOAD C:/ST/STM32CubeIDE_2.1.1/STM32CubeIDE/plugins/com.st.stm32cube.ide.mcu.externaltools.gnu-tools-for-stm32.14.3.rel1.win32_1.0.100.202602081740/tools/bin/../lib/gcc/arm-none-eabi/14.3.1/../../../../arm-none-eabi/lib/thumb/v7e-m+fp/hard\libc_nano.a
LOAD C:/ST/STM32CubeIDE_2.1.1/STM32CubeIDE/plugins/com.st.stm32cube.ide.mcu.externaltools.gnu-tools-for-stm32.14.3.rel1.win32_1.0.100.202602081740/tools/bin/../lib/gcc/arm-none-eabi/14.3.1/../../../../arm-none-eabi/lib/thumb/v7e-m+fp/hard\libnosys.a
END GROUP
START GROUP
LOAD C:/ST/STM32CubeIDE_2.1.1/STM32CubeIDE/plugins/com.st.stm32cube.ide.mcu.externaltools.gnu-tools-for-stm32.14.3.rel1.win32_1.0.100.202602081740/tools/bin/../lib/gcc/arm-none-eabi/14.3.1/thumb/v7e-m+fp/hard\libgcc.a
LOAD C:/ST/STM32CubeIDE_2.1.1/STM32CubeIDE/plugins/com.st.stm32cube.ide.mcu.externaltools.gnu-tools-for-stm32.14.3.rel1.win32_1.0.100.202602081740/tools/bin/../lib/gcc/arm-none-eabi/14.3.1/../../../../arm-none-eabi/lib/thumb/v7e-m+fp/hard\libc_nano.a
LOAD C:/ST/STM32CubeIDE_2.1.1/STM32CubeIDE/plugins/com.st.stm32cube.ide.mcu.externaltools.gnu-tools-for-stm32.14.3.rel1.win32_1.0.100.202602081740/tools/bin/../lib/gcc/arm-none-eabi/14.3.1/../../../../arm-none-eabi/lib/thumb/v7e-m+fp/hard\libnosys.a
END GROUP
LOAD C:/ST/STM32CubeIDE_2.1.1/STM32CubeIDE/plugins/com.st.stm32cube.ide.mcu.externaltools.gnu-tools-for-stm32.14.3.rel1.win32_1.0.100.202602081740/tools/bin/../lib/gcc/arm-none-eabi/14.3.1/thumb/v7e-m+fp/hard/crtend.o
LOAD C:/ST/STM32CubeIDE_2.1.1/STM32CubeIDE/plugins/com.st.stm32cube.ide.mcu.externaltools.gnu-tools-for-stm32.14.3.rel1.win32_1.0.100.202602081740/tools/bin/../lib/gcc/arm-none-eabi/14.3.1/thumb/v7e-m+fp/hard/crtn.o
                0x2000a000                        _estack = (ORIGIN (RAM) + LENGTH (RAM))
                0x00000200                        _Min_Heap_Size = 0x200
                0x00000400                        _Min_Stack_Size = 0x400

.isr_vector     0x08000000      0x194
                0x08000000                        . = ALIGN (0x4)
 *(.isr_vector)
 .isr_vector    0x08000000      0x194 ./Startup/startup_stm32f303vctx.o
                0x08000000                g_pfnVectors
                0x08000194                        . = ALIGN (0x4)

.text           0x08000194      0x5e8
                0x08000194                        . = ALIGN (0x4)
 *(.text)
 .text          0x08000194       0x40 C:/ST/STM32CubeIDE_2.1.1/STM32CubeIDE/plugins/com.st.stm32cube.ide.mcu.externaltools.gnu-tools-for-stm32.14.3.rel1.win32_1.0.100.202602081740/tools/bin/../lib/gcc/arm-none-eabi/14.3.1/thumb/v7e-m+fp/hard/crtbegin.o
 *(.text*)
 .text.send_uint
                0x080001d4       0x7c ./Src/main.o
 .text.main     0x08000250      0x174 ./Src/main.o
                0x08000250                main
 .text.rb_full  0x080003c4       0x30 ./Src/ring_buffer.o
                0x080003c4                rb_full
 .text.rb_empty
                0x080003f4       0x2a ./Src/ring_buffer.o
                0x080003f4                rb_empty
 .text.rb_put   0x0800041e       0x44 ./Src/ring_buffer.o
                0x0800041e                rb_put
 .text.rb_get   0x08000462       0x46 ./Src/ring_buffer.o
                0x08000462                rb_get
 .text.SystemInit
                0x080004a8       0x24 ./Src/system_stm32f3xx.o
                0x080004a8                SystemInit
 .text.__NVIC_EnableIRQ
                0x080004cc       0x3c ./Src/uart.o
 .text.__NVIC_SetPriority
                0x08000508       0x54 ./Src/uart.o
 .text.uart_init
                0x0800055c       0xc8 ./Src/uart.o
                0x0800055c                uart_init
 .text.uart_send_byte
                0x08000624       0x38 ./Src/uart.o
                0x08000624                uart_send_byte
 .text.uart_send_string
                0x0800065c       0x2a ./Src/uart.o
                0x0800065c                uart_send_string
 *fill*         0x08000686        0x2 
 .text.uart_data_available
                0x08000688       0x1c ./Src/uart.o
                0x08000688                uart_data_available
 .text.uart_read_byte
                0x080006a4       0x24 ./Src/uart.o
                0x080006a4                uart_read_byte
 .text.Reset_Handler
                0x080006c8       0x50 ./Startup/startup_stm32f303vctx.o
                0x080006c8                Reset_Handler
 .text.Default_Handler
                0x08000718        0x2 ./Startup/startup_stm32f303vctx.o
                0x08000718                TIM8_TRG_COM_IRQHandler
                0x08000718                TIM8_CC_IRQHandler
                0x08000718                DebugMon_Handler
                0x08000718                DMA1_CH4_IRQHandler
                0x08000718                SPI4_IRQHandler
                0x08000718                TIM1_CC_IRQHandler
                0x08000718                HardFault_Handler
                0x08000718                USB_HP_IRQHandler
                0x08000718                I2C2_EV_EXTI24_IRQHandler
                0x08000718                SysTick_Handler
                0x08000718                USB_WKUP_EXTI_IRQHandler
                0x08000718                PVD_IRQHandler
                0x08000718                UART4_EXTI34_IRQHandler
                0x08000718                TAMP_STAMP_IRQHandler
                0x08000718                PendSV_Handler
                0x08000718                NMI_Handler
                0x08000718                EXTI3_IRQHandler
                0x08000718                I2C3_ER_IRQHandler
                0x08000718                TIM6_DACUNDER_IRQHandler
                0x08000718                USB_HP_CAN_TX_IRQHandler
                0x08000718                EXTI0_IRQHandler
                0x08000718                DMA2_CH1_IRQHandler
                0x08000718                TIM1_UP_TIM16_IRQHandler
                0x08000718                UsageFault_Handler
                0x08000718                ADC1_2_IRQHandler
                0x08000718                SPI1_IRQHandler
                0x08000718                CAN_SCE_IRQHandler
                0x08000718                DMA1_CH7_IRQHandler
                0x08000718                TIM8_UP_IRQHandler
                0x08000718                COMP456_IRQHandler
                0x08000718                DMA1_CH6_IRQHandler
                0x08000718                TIM20_TRG_COM_IRQHandler
                0x08000718                ADC3_IRQHandler
                0x08000718                TIM4_IRQHandler
                0x08000718                CAN_RX1_IRQHandler
                0x08000718                USART1_EXTI25_IRQHandler
                0x08000718                DMA2_CH5_IRQHandler
                0x08000718                I2C1_EV_EXTI23_IRQHandler
                0x08000718                DMA1_CH3_IRQHandler
                0x08000718                TIM3_IRQHandler
                0x08000718                RCC_IRQHandler
                0x08000718                TIM20_UP_IRQHandler
                0x08000718                Default_Handler
                0x08000718                EXTI15_10_IRQHandler
                0x08000718                USART2_EXTI26_IRQHandler
                0x08000718                USART3_EXTI28_IRQHandler
                0x08000718                TIM7_IRQHandler
                0x08000718                I2C3_EV_IRQHandler
                0x08000718                EXTI9_5_IRQHandler
                0x08000718                DMA1_CH2_IRQHandler
                0x08000718                RTC_WKUP_IRQHandler
                0x08000718                SPI2_IRQHandler
                0x08000718                DMA1_CH1_IRQHandler
                0x08000718                USB_LP_CAN_RX0_IRQHandler
                0x08000718                MemManage_Handler
                0x08000718                COMP123_IRQHandler
                0x08000718                SVC_Handler
                0x08000718                USB_LP_IRQHandler
                0x08000718                EXTI4_IRQHandler
                0x08000718                TIM1_TRG_COM_TIM17_IRQHandler
                0x08000718                ADC4_IRQHandler
                0x08000718                WWDG_IRQHandler
                0x08000718                TIM2_IRQHandler
                0x08000718                COMP7_IRQHandler
                0x08000718                EXTI1_IRQHandler
                0x08000718                RTCAlarm_IRQHandler
                0x08000718                UART5_EXTI35_IRQHandler
                0x08000718                TIM20_BRK_IRQHandler
                0x08000718                I2C2_ER_IRQHandler
                0x08000718                TIM8_BRK_IRQHandler
                0x08000718                FLASH_IRQHandler
                0x08000718                TIM20_CC_IRQHandler
                0x08000718                BusFault_Handler
                0x08000718                SPI3_IRQHandler
                0x08000718                DMA2_CH3_IRQHandler
                0x08000718                DMA2_CH2_IRQHandler
                0x08000718                I2C1_ER_IRQHandler
                0x08000718                FMC_IRQHandler
                0x08000718                DMA1_CH5_IRQHandler
                0x08000718                DMA2_CH4_IRQHandler
                0x08000718                USB_WKUP_IRQHandler
                0x08000718                EXTI2_TSC_IRQHandler
                0x08000718                TIM1_BRK_TIM15_IRQHandler
 *fill*         0x0800071a        0x2 
 .text.__libc_init_array
                0x0800071c       0x48 C:/ST/STM32CubeIDE_2.1.1/STM32CubeIDE/plugins/com.st.stm32cube.ide.mcu.externaltools.gnu-tools-for-stm32.14.3.rel1.win32_1.0.100.202602081740/tools/bin/../lib/gcc/arm-none-eabi/14.3.1/../../../../arm-none-eabi/lib/thumb/v7e-m+fp/hard\libc_nano.a(libc_a-init.o)
                0x0800071c                __libc_init_array
 *(.glue_7)
 .glue_7        0x08000764        0x0 linker stubs
 *(.glue_7t)
 .glue_7t       0x08000764        0x0 linker stubs
 *(.eh_frame)
 .eh_frame      0x08000764        0x0 C:/ST/STM32CubeIDE_2.1.1/STM32CubeIDE/plugins/com.st.stm32cube.ide.mcu.externaltools.gnu-tools-for-stm32.14.3.rel1.win32_1.0.100.202602081740/tools/bin/../lib/gcc/arm-none-eabi/14.3.1/thumb/v7e-m+fp/hard/crtbegin.o
 *(.init)
 .init          0x08000764        0x4 C:/ST/STM32CubeIDE_2.1.1/STM32CubeIDE/plugins/com.st.stm32cube.ide.mcu.externaltools.gnu-tools-for-stm32.14.3.rel1.win32_1.0.100.202602081740/tools/bin/../lib/gcc/arm-none-eabi/14.3.1/thumb/v7e-m+fp/hard/crti.o
                0x08000764                _init
 .init          0x08000768        0x8 C:/ST/STM32CubeIDE_2.1.1/STM32CubeIDE/plugins/com.st.stm32cube.ide.mcu.externaltools.gnu-tools-for-stm32.14.3.rel1.win32_1.0.100.202602081740/tools/bin/../lib/gcc/arm-none-eabi/14.3.1/thumb/v7e-m+fp/hard/crtn.o
 *(.fini)
 .fini          0x08000770        0x4 C:/ST/STM32CubeIDE_2.1.1/STM32CubeIDE/plugins/com.st.stm32cube.ide.mcu.externaltools.gnu-tools-for-stm32.14.3.rel1.win32_1.0.100.202602081740/tools/bin/../lib/gcc/arm-none-eabi/14.3.1/thumb/v7e-m+fp/hard/crti.o
                0x08000770                _fini
 .fini          0x08000774        0x8 C:/ST/STM32CubeIDE_2.1.1/STM32CubeIDE/plugins/com.st.stm32cube.ide.mcu.externaltools.gnu-tools-for-stm32.14.3.rel1.win32_1.0.100.202602081740/tools/bin/../lib/gcc/arm-none-eabi/14.3.1/thumb/v7e-m+fp/hard/crtn.o
                0x0800077c                        . = ALIGN (0x4)
                0x0800077c                        _etext = .

.vfp11_veneer   0x0800077c        0x0
 .vfp11_veneer  0x0800077c        0x0 linker stubs

.v4_bx          0x0800077c        0x0
 .v4_bx         0x0800077c        0x0 linker stubs

.iplt           0x0800077c        0x0
 .iplt          0x0800077c        0x0 C:/ST/STM32CubeIDE_2.1.1/STM32CubeIDE/plugins/com.st.stm32cube.ide.mcu.externaltools.gnu-tools-for-stm32.14.3.rel1.win32_1.0.100.202602081740/tools/bin/../lib/gcc/arm-none-eabi/14.3.1/thumb/v7e-m+fp/hard/crtbegin.o

.rodata         0x0800077c      0x1f8
                0x0800077c                        . = ALIGN (0x4)
 *(.rodata)
 .rodata        0x0800077c      0x1f7 ./Src/main.o
 *(.rodata*)
                0x08000974                        . = ALIGN (0x4)
 *fill*         0x08000973        0x1 

.ARM.extab      0x08000974        0x0
                0x08000974                        . = ALIGN (0x4)
 *(.ARM.extab* .gnu.linkonce.armextab.*)
                0x08000974                        . = ALIGN (0x4)

.ARM            0x08000974        0x0
                0x08000974                        . = ALIGN (0x4)
                0x08000974                        __exidx_start = .
 *(.ARM.exidx*)
                0x08000974                        __exidx_end = .
                0x08000974                        . = ALIGN (0x4)

.preinit_array  0x08000974        0x0
                0x08000974                        . = ALIGN (0x4)
                0x08000974                        PROVIDE (__preinit_array_start = .)
 *(.preinit_array*)
                0x08000974                        PROVIDE (__preinit_array_end = .)
                0x08000974                        . = ALIGN (0x4)

.init_array     0x08000974        0x4
                0x08000974                        . = ALIGN (0x4)
                0x08000974                        PROVIDE (__init_array_start = .)
 *(SORT_BY_NAME(.init_array.*))
 *(.init_array*)
 .init_array    0x08000974        0x4 C:/ST/STM32CubeIDE_2.1.1/STM32CubeIDE/plugins/com.st.stm32cube.ide.mcu.externaltools.gnu-tools-for-stm32.14.3.rel1.win32_1.0.100.202602081740/tools/bin/../lib/gcc/arm-none-eabi/14.3.1/thumb/v7e-m+fp/hard/crtbegin.o
                0x08000978                        PROVIDE (__init_array_end = .)
                0x08000978                        . = ALIGN (0x4)

.fini_array     0x08000978        0x4
                0x08000978                        . = ALIGN (0x4)
                [!provide]                        PROVIDE (__fini_array_start = .)
 *(SORT_BY_NAME(.fini_array.*))
 *(.fini_array*)
 .fini_array    0x08000978        0x4 C:/ST/STM32CubeIDE_2.1.1/STM32CubeIDE/plugins/com.st.stm32cube.ide.mcu.externaltools.gnu-tools-for-stm32.14.3.rel1.win32_1.0.100.202602081740/tools/bin/../lib/gcc/arm-none-eabi/14.3.1/thumb/v7e-m+fp/hard/crtbegin.o
                [!provide]                        PROVIDE (__fini_array_end = .)
                0x0800097c                        . = ALIGN (0x4)
                0x0800097c                        _sidata = LOADADDR (.data)

.rel.dyn        0x0800097c        0x0
 .rel.iplt      0x0800097c        0x0 C:/ST/STM32CubeIDE_2.1.1/STM32CubeIDE/plugins/com.st.stm32cube.ide.mcu.externaltools.gnu-tools-for-stm32.14.3.rel1.win32_1.0.100.202602081740/tools/bin/../lib/gcc/arm-none-eabi/14.3.1/thumb/v7e-m+fp/hard/crtbegin.o

.data           0x20000000        0x0 load address 0x0800097c
                0x20000000                        . = ALIGN (0x4)
                0x20000000                        _sdata = .
 *(.data)
 *(.data*)
 *(.RamFunc)
 *(.RamFunc*)
                0x20000000                        . = ALIGN (0x4)
                0x20000000                        _edata = .
                0x0800097c                        _siccmram = LOADADDR (.ccmram)

.igot.plt       0x20000000        0x0 load address 0x0800097c
 .igot.plt      0x20000000        0x0 C:/ST/STM32CubeIDE_2.1.1/STM32CubeIDE/plugins/com.st.stm32cube.ide.mcu.externaltools.gnu-tools-for-stm32.14.3.rel1.win32_1.0.100.202602081740/tools/bin/../lib/gcc/arm-none-eabi/14.3.1/thumb/v7e-m+fp/hard/crtbegin.o

.ccmram         0x10000000        0x0 load address 0x0800097c
                0x10000000                        . = ALIGN (0x4)
                0x10000000                        _sccmram = .
 *(.ccmram)
 *(.ccmram*)
                0x10000000                        . = ALIGN (0x4)
                0x10000000                        _eccmram = .
                0x10000000                        . = ALIGN (0x4)

.bss            0x20000000      0x12c
                0x20000000                        _sbss = .
                0x20000000                        __bss_start__ = _sbss
 *(.bss)
 .bss           0x20000000       0x1c C:/ST/STM32CubeIDE_2.1.1/STM32CubeIDE/plugins/com.st.stm32cube.ide.mcu.externaltools.gnu-tools-for-stm32.14.3.rel1.win32_1.0.100.202602081740/tools/bin/../lib/gcc/arm-none-eabi/14.3.1/thumb/v7e-m+fp/hard/crtbegin.o
 *(.bss*)
 .bss.rx_buf    0x2000001c       0x88 ./Src/uart.o
 .bss.tx_buf    0x200000a4       0x88 ./Src/uart.o
 *(COMMON)
                0x2000012c                        . = ALIGN (0x4)
                0x2000012c                        _ebss = .
                0x2000012c                        __bss_end__ = _ebss

._user_heap_stack
                0x2000012c      0x604
                0x20000130                        . = ALIGN (0x8)
 *fill*         0x2000012c        0x4 
                [!provide]                        PROVIDE (end = .)
                0x20000130                        PROVIDE (_end = .)
                0x20000330                        . = (. + _Min_Heap_Size)
 *fill*         0x20000130      0x200 
                0x20000730                        . = (. + _Min_Stack_Size)
 *fill*         0x20000330      0x400 
                0x20000730                        . = ALIGN (0x8)

/DISCARD/
 libc.a(*)
 libm.a(*)
 libgcc.a(*)

.ARM.attributes
                0x00000000       0x30
 *(.ARM.attributes)
 .ARM.attributes
                0x00000000       0x22 C:/ST/STM32CubeIDE_2.1.1/STM32CubeIDE/plugins/com.st.stm32cube.ide.mcu.externaltools.gnu-tools-for-stm32.14.3.rel1.win32_1.0.100.202602081740/tools/bin/../lib/gcc/arm-none-eabi/14.3.1/thumb/v7e-m+fp/hard/crti.o
 .ARM.attributes
                0x00000022       0x34 C:/ST/STM32CubeIDE_2.1.1/STM32CubeIDE/plugins/com.st.stm32cube.ide.mcu.externaltools.gnu-tools-for-stm32.14.3.rel1.win32_1.0.100.202602081740/tools/bin/../lib/gcc/arm-none-eabi/14.3.1/thumb/v7e-m+fp/hard/crtbegin.o
 .ARM.attributes
                0x00000056       0x34 ./Src/main.o
 .ARM.attributes
                0x0000008a       0x34 ./Src/ring_buffer.o
 .ARM.attributes
                0x000000be       0x34 ./Src/system_stm32f3xx.o
 .ARM.attributes
                0x000000f2       0x34 ./Src/uart.o
 .ARM.attributes
                0x00000126       0x21 ./Startup/startup_stm32f303vctx.o
 .ARM.attributes
                0x00000147       0x34 C:/ST/STM32CubeIDE_2.1.1/STM32CubeIDE/plugins/com.st.stm32cube.ide.mcu.externaltools.gnu-tools-for-stm32.14.3.rel1.win32_1.0.100.202602081740/tools/bin/../lib/gcc/arm-none-eabi/14.3.1/../../../../arm-none-eabi/lib/thumb/v7e-m+fp/hard\libc_nano.a(libc_a-init.o)
 .ARM.attributes
                0x0000017b       0x22 C:/ST/STM32CubeIDE_2.1.1/STM32CubeIDE/plugins/com.st.stm32cube.ide.mcu.externaltools.gnu-tools-for-stm32.14.3.rel1.win32_1.0.100.202602081740/tools/bin/../lib/gcc/arm-none-eabi/14.3.1/thumb/v7e-m+fp/hard/crtn.o
OUTPUT(stm32_uart_ringbuffer.elf elf32-littlearm)
LOAD linker stubs
LOAD C:/ST/STM32CubeIDE_2.1.1/STM32CubeIDE/plugins/com.st.stm32cube.ide.mcu.externaltools.gnu-tools-for-stm32.14.3.rel1.win32_1.0.100.202602081740/tools/bin/../lib/gcc/arm-none-eabi/14.3.1/../../../../arm-none-eabi/lib/thumb/v7e-m+fp/hard\libc.a
LOAD C:/ST/STM32CubeIDE_2.1.1/STM32CubeIDE/plugins/com.st.stm32cube.ide.mcu.externaltools.gnu-tools-for-stm32.14.3.rel1.win32_1.0.100.202602081740/tools/bin/../lib/gcc/arm-none-eabi/14.3.1/../../../../arm-none-eabi/lib/thumb/v7e-m+fp/hard\libm.a
LOAD C:/ST/STM32CubeIDE_2.1.1/STM32CubeIDE/plugins/com.st.stm32cube.ide.mcu.externaltools.gnu-tools-for-stm32.14.3.rel1.win32_1.0.100.202602081740/tools/bin/../lib/gcc/arm-none-eabi/14.3.1/thumb/v7e-m+fp/hard\libgcc.a

.debug_info     0x00000000     0x124a
 .debug_info    0x00000000      0x1d3 ./Src/main.o
 .debug_info    0x000001d3      0x1c8 ./Src/ring_buffer.o
 .debug_info    0x0000039b      0x400 ./Src/system_stm32f3xx.o
 .debug_info    0x0000079b      0xa7f ./Src/uart.o
 .debug_info    0x0000121a       0x30 ./Startup/startup_stm32f303vctx.o

.debug_abbrev   0x00000000      0x5ca
 .debug_abbrev  0x00000000      0x114 ./Src/main.o
 .debug_abbrev  0x00000114      0x113 ./Src/ring_buffer.o
 .debug_abbrev  0x00000227      0x11a ./Src/system_stm32f3xx.o
 .debug_abbrev  0x00000341      0x265 ./Src/uart.o
 .debug_abbrev  0x000005a6       0x24 ./Startup/startup_stm32f303vctx.o

.debug_aranges  0x00000000      0x108
 .debug_aranges
                0x00000000       0x28 ./Src/main.o
 .debug_aranges
                0x00000028       0x38 ./Src/ring_buffer.o
 .debug_aranges
                0x00000060       0x28 ./Src/system_stm32f3xx.o
 .debug_aranges
                0x00000088       0x58 ./Src/uart.o
 .debug_aranges
                0x000000e0       0x28 ./Startup/startup_stm32f303vctx.o

.debug_rnglists
                0x00000000       0xbc
 .debug_rnglists
                0x00000000       0x1a ./Src/main.o
 .debug_rnglists
                0x0000001a       0x25 ./Src/ring_buffer.o
 .debug_rnglists
                0x0000003f       0x1a ./Src/system_stm32f3xx.o
 .debug_rnglists
                0x00000059       0x4a ./Src/uart.o
 .debug_rnglists
                0x000000a3       0x19 ./Startup/startup_stm32f303vctx.o

.debug_macro    0x00000000    0x1511d
 .debug_macro   0x00000000       0x6d ./Src/main.o
 .debug_macro   0x0000006d      0xade ./Src/main.o
 .debug_macro   0x00000b4b       0x22 ./Src/main.o
 .debug_macro   0x00000b6d       0x8e ./Src/main.o
 .debug_macro   0x00000bfb       0x51 ./Src/main.o
 .debug_macro   0x00000c4c      0x103 ./Src/main.o
 .debug_macro   0x00000d4f       0x6a ./Src/main.o
 .debug_macro   0x00000db9      0x1df ./Src/main.o
 .debug_macro   0x00000f98       0x7c ./Src/ring_buffer.o
 .debug_macro   0x00001014       0x22 ./Src/ring_buffer.o
 .debug_macro   0x00001036       0xda ./Src/system_stm32f3xx.o
 .debug_macro   0x00001110       0x2e ./Src/system_stm32f3xx.o
 .debug_macro   0x0000113e       0x28 ./Src/system_stm32f3xx.o
 .debug_macro   0x00001166       0x1c ./Src/system_stm32f3xx.o
 .debug_macro   0x00001182       0x22 ./Src/system_stm32f3xx.o
 .debug_macro   0x000011a4      0x107 ./Src/system_stm32f3xx.o
 .debug_macro   0x000012ab     0x1057 ./Src/system_stm32f3xx.o
 .debug_macro   0x00002302      0x11f ./Src/system_stm32f3xx.o
 .debug_macro   0x00002421    0x12a3a ./Src/system_stm32f3xx.o
 .debug_macro   0x00014e5b       0x6d ./Src/system_stm32f3xx.o
 .debug_macro   0x00014ec8      0x1c4 ./Src/uart.o
 .debug_macro   0x0001508c       0x61 ./Src/uart.o
 .debug_macro   0x000150ed       0x10 ./Src/uart.o
 .debug_macro   0x000150fd       0x20 ./Src/uart.o

.debug_line     0x00000000     0x17ce
 .debug_line    0x00000000      0x4e0 ./Src/main.o
 .debug_line    0x000004e0      0x4cc ./Src/ring_buffer.o
 .debug_line    0x000009ac      0x565 ./Src/system_stm32f3xx.o
 .debug_line    0x00000f11      0x842 ./Src/uart.o
 .debug_line    0x00001753       0x7b ./Startup/startup_stm32f303vctx.o

.debug_str      0x00000000    0x768f8
 .debug_str     0x00000000    0x768f8 ./Src/main.o
                               0x3e21 (size before relaxing)
 .debug_str     0x000768f8     0x3e60 ./Src/ring_buffer.o
 .debug_str     0x000768f8    0x7303c ./Src/system_stm32f3xx.o
 .debug_str     0x000768f8    0x76afb ./Src/uart.o
 .debug_str     0x000768f8       0x79 ./Startup/startup_stm32f303vctx.o

.comment        0x00000000       0x43
 .comment       0x00000000       0x43 ./Src/main.o
                                 0x44 (size before relaxing)
 .comment       0x00000043       0x44 ./Src/ring_buffer.o
 .comment       0x00000043       0x44 ./Src/system_stm32f3xx.o
 .comment       0x00000043       0x44 ./Src/uart.o

.debug_frame    0x00000000      0x298
 .debug_frame   0x00000000       0x54 ./Src/main.o
 .debug_frame   0x00000054       0xa0 ./Src/ring_buffer.o
 .debug_frame   0x000000f4       0x50 ./Src/system_stm32f3xx.o
 .debug_frame   0x00000144      0x128 ./Src/uart.o
 .debug_frame   0x0000026c       0x2c C:/ST/STM32CubeIDE_2.1.1/STM32CubeIDE/plugins/com.st.stm32cube.ide.mcu.externaltools.gnu-tools-for-stm32.14.3.rel1.win32_1.0.100.202602081740/tools/bin/../lib/gcc/arm-none-eabi/14.3.1/../../../../arm-none-eabi/lib/thumb/v7e-m+fp/hard\libc_nano.a(libc_a-init.o)

.debug_line_str
                0x00000000       0x5d
 .debug_line_str
                0x00000000       0x5d ./Startup/startup_stm32f303vctx.o
